Archive member included to satisfy reference by file (symbol)

c:/program files (x86)/atmel/studio/7.0/toolchain/avr8/avr8-gnu-toolchain/bin/../lib/gcc/avr/5.4.0/avr6\libgcc.a(_udivmodsi4.o)
                              millis.o (__udivmodsi4)
c:/program files (x86)/atmel/studio/7.0/toolchain/avr8/avr8-gnu-toolchain/bin/../lib/gcc/avr/5.4.0/avr6\libgcc.a(_exit.o)
                              C:/Program Files (x86)/Atmel/Studio/7.0/Packs/atmel/ATmega_DFP/1.3.300/gcc/dev/atmega2560/avr6/crtatmega2560.o (exit)
c:/program files (x86)/atmel/studio/7.0/toolchain/avr8/avr8-gnu-toolchain/bin/../lib/gcc/avr/5.4.0/avr6\libgcc.a(_tablejump2.o)
                              Adafruit_Fingerprint.o (__tablejump2__)
c:/program files (x86)/atmel/studio/7.0/toolchain/avr8/avr8-gnu-toolchain/bin/../lib/gcc/avr/5.4.0/avr6\libgcc.a(_copy_data.o)
                              Adafruit_Fingerprint.o (__do_copy_data)
c:/program files (x86)/atmel/studio/7.0/toolchain/avr8/avr8-gnu-toolchain/bin/../lib/gcc/avr/5.4.0/avr6\libgcc.a(_clear_bss.o)
                              Adafruit_Fingerprint.o (__do_clear_bss)
c:/program files (x86)/atmel/studio/7.0/toolchain/avr8/avr8-gnu-toolchain/bin/../lib/gcc/avr/5.4.0/../../../../avr/lib/avr6\libc.a(memcpy.o)
                              Adafruit_Fingerprint.o (memcpy)
c:/program files (x86)/atmel/studio/7.0/toolchain/avr8/avr8-gnu-toolchain/bin/../lib/gcc/avr/5.4.0/../../../../avr/lib/avr6\libc.a(fprintf.o)
                              uart.o (fprintf)
c:/program files (x86)/atmel/studio/7.0/toolchain/avr8/avr8-gnu-toolchain/bin/../lib/gcc/avr/5.4.0/../../../../avr/lib/avr6\libc.a(iob.o)
                              uart.o (__iob)
c:/program files (x86)/atmel/studio/7.0/toolchain/avr8/avr8-gnu-toolchain/bin/../lib/gcc/avr/5.4.0/../../../../avr/lib/avr6\libc.a(printf.o)
                              uart.o (printf)
c:/program files (x86)/atmel/studio/7.0/toolchain/avr8/avr8-gnu-toolchain/bin/../lib/gcc/avr/5.4.0/../../../../avr/lib/avr6\libc.a(printf_p.o)
                              Adafruit_Fingerprint.o (printf_P)
c:/program files (x86)/atmel/studio/7.0/toolchain/avr8/avr8-gnu-toolchain/bin/../lib/gcc/avr/5.4.0/../../../../avr/lib/avr6\libc.a(scanf.o)
                              uart.o (scanf)
c:/program files (x86)/atmel/studio/7.0/toolchain/avr8/avr8-gnu-toolchain/bin/../lib/gcc/avr/5.4.0/../../../../avr/lib/avr6\libc.a(snprintf.o)
                              Adafruit_Fingerprint.o (snprintf)
c:/program files (x86)/atmel/studio/7.0/toolchain/avr8/avr8-gnu-toolchain/bin/../lib/gcc/avr/5.4.0/../../../../avr/lib/avr6\libc.a(vfprintf_std.o)
                              c:/program files (x86)/atmel/studio/7.0/toolchain/avr8/avr8-gnu-toolchain/bin/../lib/gcc/avr/5.4.0/../../../../avr/lib/avr6\libc.a(fprintf.o) (vfprintf)
c:/program files (x86)/atmel/studio/7.0/toolchain/avr8/avr8-gnu-toolchain/bin/../lib/gcc/avr/5.4.0/../../../../avr/lib/avr6\libc.a(vfscanf_std.o)
                              c:/program files (x86)/atmel/studio/7.0/toolchain/avr8/avr8-gnu-toolchain/bin/../lib/gcc/avr/5.4.0/../../../../avr/lib/avr6\libc.a(scanf.o) (vfscanf)
c:/program files (x86)/atmel/studio/7.0/toolchain/avr8/avr8-gnu-toolchain/bin/../lib/gcc/avr/5.4.0/../../../../avr/lib/avr6\libc.a(isspace.o)
                              c:/program files (x86)/atmel/studio/7.0/toolchain/avr8/avr8-gnu-toolchain/bin/../lib/gcc/avr/5.4.0/../../../../avr/lib/avr6\libc.a(vfscanf_std.o) (isspace)
c:/program files (x86)/atmel/studio/7.0/toolchain/avr8/avr8-gnu-toolchain/bin/../lib/gcc/avr/5.4.0/../../../../avr/lib/avr6\libc.a(strchr_P.o)
                              c:/program files (x86)/atmel/studio/7.0/toolchain/avr8/avr8-gnu-toolchain/bin/../lib/gcc/avr/5.4.0/../../../../avr/lib/avr6\libc.a(vfscanf_std.o) (strchr_P)
c:/program files (x86)/atmel/studio/7.0/toolchain/avr8/avr8-gnu-toolchain/bin/../lib/gcc/avr/5.4.0/../../../../avr/lib/avr6\libc.a(strnlen_P.o)
                              c:/program files (x86)/atmel/studio/7.0/toolchain/avr8/avr8-gnu-toolchain/bin/../lib/gcc/avr/5.4.0/../../../../avr/lib/avr6\libc.a(vfprintf_std.o) (strnlen_P)
c:/program files (x86)/atmel/studio/7.0/toolchain/avr8/avr8-gnu-toolchain/bin/../lib/gcc/avr/5.4.0/../../../../avr/lib/avr6\libc.a(strnlen.o)
                              c:/program files (x86)/atmel/studio/7.0/toolchain/avr8/avr8-gnu-toolchain/bin/../lib/gcc/avr/5.4.0/../../../../avr/lib/avr6\libc.a(vfprintf_std.o) (strnlen)
c:/program files (x86)/atmel/studio/7.0/toolchain/avr8/avr8-gnu-toolchain/bin/../lib/gcc/avr/5.4.0/../../../../avr/lib/avr6\libc.a(fgetc.o)
                              c:/program files (x86)/atmel/studio/7.0/toolchain/avr8/avr8-gnu-toolchain/bin/../lib/gcc/avr/5.4.0/../../../../avr/lib/avr6\libc.a(vfscanf_std.o) (fgetc)
c:/program files (x86)/atmel/studio/7.0/toolchain/avr8/avr8-gnu-toolchain/bin/../lib/gcc/avr/5.4.0/../../../../avr/lib/avr6\libc.a(fputc.o)
                              c:/program files (x86)/atmel/studio/7.0/toolchain/avr8/avr8-gnu-toolchain/bin/../lib/gcc/avr/5.4.0/../../../../avr/lib/avr6\libc.a(vfprintf_std.o) (fputc)
c:/program files (x86)/atmel/studio/7.0/toolchain/avr8/avr8-gnu-toolchain/bin/../lib/gcc/avr/5.4.0/../../../../avr/lib/avr6\libc.a(ungetc.o)
                              c:/program files (x86)/atmel/studio/7.0/toolchain/avr8/avr8-gnu-toolchain/bin/../lib/gcc/avr/5.4.0/../../../../avr/lib/avr6\libc.a(vfscanf_std.o) (ungetc)
c:/program files (x86)/atmel/studio/7.0/toolchain/avr8/avr8-gnu-toolchain/bin/../lib/gcc/avr/5.4.0/../../../../avr/lib/avr6\libc.a(ultoa_invert.o)
                              c:/program files (x86)/atmel/studio/7.0/toolchain/avr8/avr8-gnu-toolchain/bin/../lib/gcc/avr/5.4.0/../../../../avr/lib/avr6\libc.a(vfprintf_std.o) (__ultoa_invert)
c:/program files (x86)/atmel/studio/7.0/toolchain/avr8/avr8-gnu-toolchain/bin/../lib/gcc/avr/5.4.0/../../../../avr/lib/avr6\libc.a(cty_isfalse.o)
                              c:/program files (x86)/atmel/studio/7.0/toolchain/avr8/avr8-gnu-toolchain/bin/../lib/gcc/avr/5.4.0/../../../../avr/lib/avr6\libc.a(isspace.o) (__ctype_isfalse)
C:/Program Files (x86)/Atmel/Studio/7.0/Packs/atmel/ATmega_DFP/1.3.300/gcc/dev/atmega2560/avr6\libatmega2560.a(eerd_byte.o)
                              main.o (eeprom_read_byte)
C:/Program Files (x86)/Atmel/Studio/7.0/Packs/atmel/ATmega_DFP/1.3.300/gcc/dev/atmega2560/avr6\libatmega2560.a(eeupd_byte.o)
                              main.o (eeprom_update_byte)

Allocating common symbols
Common symbol       size              file

fingerID            0x2               Adafruit_Fingerprint.o
templateCount       0x2               Adafruit_Fingerprint.o
timer1_millis       0x4               millis.o
ser_buff_in         0x40              fp_uart.o
confidence          0x2               Adafruit_Fingerprint.o
__iob               0x6               c:/program files (x86)/atmel/studio/7.0/toolchain/avr8/avr8-gnu-toolchain/bin/../lib/gcc/avr/5.4.0/../../../../avr/lib/avr6\libc.a(iob.o)

Discarded input sections

 .data          0x00000000        0x0 C:/Program Files (x86)/Atmel/Studio/7.0/Packs/atmel/ATmega_DFP/1.3.300/gcc/dev/atmega2560/avr6/crtatmega2560.o
 .bss           0x00000000        0x0 C:/Program Files (x86)/Atmel/Studio/7.0/Packs/atmel/ATmega_DFP/1.3.300/gcc/dev/atmega2560/avr6/crtatmega2560.o
 .text          0x00000000        0x0 Adafruit_Fingerprint.o
 .data          0x00000000        0x0 Adafruit_Fingerprint.o
 .bss           0x00000000        0x0 Adafruit_Fingerprint.o
 .text.FP_loadModel
                0x00000000       0x6c Adafruit_Fingerprint.o
 .text.FP_getModel
                0x00000000       0x62 Adafruit_Fingerprint.o
 .text.FP_deleteModel
                0x00000000       0x70 Adafruit_Fingerprint.o
 .text.deleteFingerprint
                0x00000000       0xc6 Adafruit_Fingerprint.o
 .text.FP_emptyDatabase
                0x00000000       0x5c Adafruit_Fingerprint.o
 .text.FP_LEDONOFF
                0x00000000       0xac Adafruit_Fingerprint.o
 .text.FP_LEDcontrol
                0x00000000       0x70 Adafruit_Fingerprint.o
 .text.FP_fingerSearch
                0x00000000       0xa4 Adafruit_Fingerprint.o
 .text.getFingerprintID
                0x00000000      0x1e8 Adafruit_Fingerprint.o
 .text.FP_setPassword
                0x00000000       0x70 Adafruit_Fingerprint.o
 .progmem.data.__c.2393
                0x00000000       0x10 Adafruit_Fingerprint.o
 .progmem.data.__c.2391
                0x00000000       0x17 Adafruit_Fingerprint.o
 .progmem.data.__c.2389
                0x00000000       0x16 Adafruit_Fingerprint.o
 .progmem.data.__c.2401
                0x00000000        0x5 Adafruit_Fingerprint.o
 .progmem.data.__c.2399
                0x00000000       0x15 Adafruit_Fingerprint.o
 .progmem.data.__c.2397
                0x00000000        0x5 Adafruit_Fingerprint.o
 .progmem.data.__c.2395
                0x00000000        0xc Adafruit_Fingerprint.o
 .progmem.data.__c.2387
                0x00000000       0x17 Adafruit_Fingerprint.o
 .progmem.data.__c.2385
                0x00000000       0x10 Adafruit_Fingerprint.o
 .progmem.data.__c.2382
                0x00000000       0x26 Adafruit_Fingerprint.o
 .progmem.data.__c.2379
                0x00000000       0x26 Adafruit_Fingerprint.o
 .progmem.data.__c.2376
                0x00000000       0x16 Adafruit_Fingerprint.o
 .progmem.data.__c.2373
                0x00000000       0x12 Adafruit_Fingerprint.o
 .progmem.data.__c.2369
                0x00000000       0x12 Adafruit_Fingerprint.o
 .progmem.data.__c.2366
                0x00000000       0x10 Adafruit_Fingerprint.o
 .progmem.data.__c.2363
                0x00000000       0x10 Adafruit_Fingerprint.o
 .progmem.data.__c.2360
                0x00000000       0x16 Adafruit_Fingerprint.o
 .progmem.data.__c.2357
                0x00000000       0x15 Adafruit_Fingerprint.o
 .progmem.data.__c.2353
                0x00000000        0xe Adafruit_Fingerprint.o
 .progmem.data.__c.2346
                0x00000000        0x5 Adafruit_Fingerprint.o
 .progmem.data.__c.2344
                0x00000000       0x12 Adafruit_Fingerprint.o
 .progmem.data.__c.2342
                0x00000000       0x1a Adafruit_Fingerprint.o
 .progmem.data.__c.2340
                0x00000000       0x24 Adafruit_Fingerprint.o
 .progmem.data.__c.2338
                0x00000000       0x16 Adafruit_Fingerprint.o
 .progmem.data.__c.2336
                0x00000000        0xb Adafruit_Fingerprint.o
 .progmem.data.__c.2334
                0x00000000        0x5 Adafruit_Fingerprint.o
 .progmem.data.__c.2332
                0x00000000        0xe Adafruit_Fingerprint.o
 .text          0x00000000        0x0 fp_uart.o
 .data          0x00000000        0x0 fp_uart.o
 .bss           0x00000000        0x0 fp_uart.o
 .text.fp_fifo_length
                0x00000000       0x26 fp_uart.o
 .text.fp_getch
                0x00000000       0x10 fp_uart.o
 .text.fp_string
                0x00000000       0x1e fp_uart.o
 .text          0x00000000        0x0 lcd.o
 .data          0x00000000        0x0 lcd.o
 .bss           0x00000000        0x0 lcd.o
 .text          0x00000000        0x0 main.o
 .data          0x00000000        0x0 main.o
 .bss           0x00000000        0x0 main.o
 .text          0x00000000        0x0 millis.o
 .data          0x00000000        0x0 millis.o
 .bss           0x00000000        0x0 millis.o
 .text          0x00000000        0x0 uart.o
 .data          0x00000000        0x0 uart.o
 .bss           0x00000000        0x0 uart.o
 .text.Stream_Test
                0x00000000      0x12a uart.o
 .progmem.data.__c.2013
                0x00000000       0x10 uart.o
 .progmem.data.__c.2011
                0x00000000       0x11 uart.o
 .progmem.data.__c.2009
                0x00000000       0x19 uart.o
 .text          0x00000000        0x0 c:/program files (x86)/atmel/studio/7.0/toolchain/avr8/avr8-gnu-toolchain/bin/../lib/gcc/avr/5.4.0/avr6\libgcc.a(_udivmodsi4.o)
 .data          0x00000000        0x0 c:/program files (x86)/atmel/studio/7.0/toolchain/avr8/avr8-gnu-toolchain/bin/../lib/gcc/avr/5.4.0/avr6\libgcc.a(_udivmodsi4.o)
 .bss           0x00000000        0x0 c:/program files (x86)/atmel/studio/7.0/toolchain/avr8/avr8-gnu-toolchain/bin/../lib/gcc/avr/5.4.0/avr6\libgcc.a(_udivmodsi4.o)
 .text.libgcc.mul
                0x00000000        0x0 c:/program files (x86)/atmel/studio/7.0/toolchain/avr8/avr8-gnu-toolchain/bin/../lib/gcc/avr/5.4.0/avr6\libgcc.a(_udivmodsi4.o)
 .text.libgcc   0x00000000        0x0 c:/program files (x86)/atmel/studio/7.0/toolchain/avr8/avr8-gnu-toolchain/bin/../lib/gcc/avr/5.4.0/avr6\libgcc.a(_udivmodsi4.o)
 .text.libgcc.prologue
                0x00000000        0x0 c:/program files (x86)/atmel/studio/7.0/toolchain/avr8/avr8-gnu-toolchain/bin/../lib/gcc/avr/5.4.0/avr6\libgcc.a(_udivmodsi4.o)
 .text.libgcc.builtins
                0x00000000        0x0 c:/program files (x86)/atmel/studio/7.0/toolchain/avr8/avr8-gnu-toolchain/bin/../lib/gcc/avr/5.4.0/avr6\libgcc.a(_udivmodsi4.o)
 .text.libgcc.fmul
                0x00000000        0x0 c:/program files (x86)/atmel/studio/7.0/toolchain/avr8/avr8-gnu-toolchain/bin/../lib/gcc/avr/5.4.0/avr6\libgcc.a(_udivmodsi4.o)
 .text.libgcc.fixed
                0x00000000        0x0 c:/program files (x86)/atmel/studio/7.0/toolchain/avr8/avr8-gnu-toolchain/bin/../lib/gcc/avr/5.4.0/avr6\libgcc.a(_udivmodsi4.o)
 .text          0x00000000        0x0 c:/program files (x86)/atmel/studio/7.0/toolchain/avr8/avr8-gnu-toolchain/bin/../lib/gcc/avr/5.4.0/avr6\libgcc.a(_exit.o)
 .data          0x00000000        0x0 c:/program files (x86)/atmel/studio/7.0/toolchain/avr8/avr8-gnu-toolchain/bin/../lib/gcc/avr/5.4.0/avr6\libgcc.a(_exit.o)
 .bss           0x00000000        0x0 c:/program files (x86)/atmel/studio/7.0/toolchain/avr8/avr8-gnu-toolchain/bin/../lib/gcc/avr/5.4.0/avr6\libgcc.a(_exit.o)
 .text.libgcc.mul
                0x00000000        0x0 c:/program files (x86)/atmel/studio/7.0/toolchain/avr8/avr8-gnu-toolchain/bin/../lib/gcc/avr/5.4.0/avr6\libgcc.a(_exit.o)
 .text.libgcc.div
                0x00000000        0x0 c:/program files (x86)/atmel/studio/7.0/toolchain/avr8/avr8-gnu-toolchain/bin/../lib/gcc/avr/5.4.0/avr6\libgcc.a(_exit.o)
 .text.libgcc   0x00000000        0x0 c:/program files (x86)/atmel/studio/7.0/toolchain/avr8/avr8-gnu-toolchain/bin/../lib/gcc/avr/5.4.0/avr6\libgcc.a(_exit.o)
 .text.libgcc.prologue
                0x00000000        0x0 c:/program files (x86)/atmel/studio/7.0/toolchain/avr8/avr8-gnu-toolchain/bin/../lib/gcc/avr/5.4.0/avr6\libgcc.a(_exit.o)
 .text.libgcc.builtins
                0x00000000        0x0 c:/program files (x86)/atmel/studio/7.0/toolchain/avr8/avr8-gnu-toolchain/bin/../lib/gcc/avr/5.4.0/avr6\libgcc.a(_exit.o)
 .text.libgcc.fmul
                0x00000000        0x0 c:/program files (x86)/atmel/studio/7.0/toolchain/avr8/avr8-gnu-toolchain/bin/../lib/gcc/avr/5.4.0/avr6\libgcc.a(_exit.o)
 .text.libgcc.fixed
                0x00000000        0x0 c:/program files (x86)/atmel/studio/7.0/toolchain/avr8/avr8-gnu-toolchain/bin/../lib/gcc/avr/5.4.0/avr6\libgcc.a(_exit.o)
 .text          0x00000000        0x0 c:/program files (x86)/atmel/studio/7.0/toolchain/avr8/avr8-gnu-toolchain/bin/../lib/gcc/avr/5.4.0/avr6\libgcc.a(_tablejump2.o)
 .data          0x00000000        0x0 c:/program files (x86)/atmel/studio/7.0/toolchain/avr8/avr8-gnu-toolchain/bin/../lib/gcc/avr/5.4.0/avr6\libgcc.a(_tablejump2.o)
 .bss           0x00000000        0x0 c:/program files (x86)/atmel/studio/7.0/toolchain/avr8/avr8-gnu-toolchain/bin/../lib/gcc/avr/5.4.0/avr6\libgcc.a(_tablejump2.o)
 .text.libgcc.mul
                0x00000000        0x0 c:/program files (x86)/atmel/studio/7.0/toolchain/avr8/avr8-gnu-toolchain/bin/../lib/gcc/avr/5.4.0/avr6\libgcc.a(_tablejump2.o)
 .text.libgcc.div
                0x00000000        0x0 c:/program files (x86)/atmel/studio/7.0/toolchain/avr8/avr8-gnu-toolchain/bin/../lib/gcc/avr/5.4.0/avr6\libgcc.a(_tablejump2.o)
 .text.libgcc.prologue
                0x00000000        0x0 c:/program files (x86)/atmel/studio/7.0/toolchain/avr8/avr8-gnu-toolchain/bin/../lib/gcc/avr/5.4.0/avr6\libgcc.a(_tablejump2.o)
 .text.libgcc.builtins
                0x00000000        0x0 c:/program files (x86)/atmel/studio/7.0/toolchain/avr8/avr8-gnu-toolchain/bin/../lib/gcc/avr/5.4.0/avr6\libgcc.a(_tablejump2.o)
 .text.libgcc.fmul
                0x00000000        0x0 c:/program files (x86)/atmel/studio/7.0/toolchain/avr8/avr8-gnu-toolchain/bin/../lib/gcc/avr/5.4.0/avr6\libgcc.a(_tablejump2.o)
 .text.libgcc.fixed
                0x00000000        0x0 c:/program files (x86)/atmel/studio/7.0/toolchain/avr8/avr8-gnu-toolchain/bin/../lib/gcc/avr/5.4.0/avr6\libgcc.a(_tablejump2.o)
 .text          0x00000000        0x0 c:/program files (x86)/atmel/studio/7.0/toolchain/avr8/avr8-gnu-toolchain/bin/../lib/gcc/avr/5.4.0/avr6\libgcc.a(_copy_data.o)
 .data          0x00000000        0x0 c:/program files (x86)/atmel/studio/7.0/toolchain/avr8/avr8-gnu-toolchain/bin/../lib/gcc/avr/5.4.0/avr6\libgcc.a(_copy_data.o)
 .bss           0x00000000        0x0 c:/program files (x86)/atmel/studio/7.0/toolchain/avr8/avr8-gnu-toolchain/bin/../lib/gcc/avr/5.4.0/avr6\libgcc.a(_copy_data.o)
 .text.libgcc.mul
                0x00000000        0x0 c:/program files (x86)/atmel/studio/7.0/toolchain/avr8/avr8-gnu-toolchain/bin/../lib/gcc/avr/5.4.0/avr6\libgcc.a(_copy_data.o)
 .text.libgcc.div
                0x00000000        0x0 c:/program files (x86)/atmel/studio/7.0/toolchain/avr8/avr8-gnu-toolchain/bin/../lib/gcc/avr/5.4.0/avr6\libgcc.a(_copy_data.o)
 .text.libgcc   0x00000000        0x0 c:/program files (x86)/atmel/studio/7.0/toolchain/avr8/avr8-gnu-toolchain/bin/../lib/gcc/avr/5.4.0/avr6\libgcc.a(_copy_data.o)
 .text.libgcc.prologue
                0x00000000        0x0 c:/program files (x86)/atmel/studio/7.0/toolchain/avr8/avr8-gnu-toolchain/bin/../lib/gcc/avr/5.4.0/avr6\libgcc.a(_copy_data.o)
 .text.libgcc.builtins
                0x00000000        0x0 c:/program files (x86)/atmel/studio/7.0/toolchain/avr8/avr8-gnu-toolchain/bin/../lib/gcc/avr/5.4.0/avr6\libgcc.a(_copy_data.o)
 .text.libgcc.fmul
                0x00000000        0x0 c:/program files (x86)/atmel/studio/7.0/toolchain/avr8/avr8-gnu-toolchain/bin/../lib/gcc/avr/5.4.0/avr6\libgcc.a(_copy_data.o)
 .text.libgcc.fixed
                0x00000000        0x0 c:/program files (x86)/atmel/studio/7.0/toolchain/avr8/avr8-gnu-toolchain/bin/../lib/gcc/avr/5.4.0/avr6\libgcc.a(_copy_data.o)
 .text          0x00000000        0x0 c:/program files (x86)/atmel/studio/7.0/toolchain/avr8/avr8-gnu-toolchain/bin/../lib/gcc/avr/5.4.0/avr6\libgcc.a(_clear_bss.o)
 .data          0x00000000        0x0 c:/program files (x86)/atmel/studio/7.0/toolchain/avr8/avr8-gnu-toolchain/bin/../lib/gcc/avr/5.4.0/avr6\libgcc.a(_clear_bss.o)
 .bss           0x00000000        0x0 c:/program files (x86)/atmel/studio/7.0/toolchain/avr8/avr8-gnu-toolchain/bin/../lib/gcc/avr/5.4.0/avr6\libgcc.a(_clear_bss.o)
 .text.libgcc.mul
                0x00000000        0x0 c:/program files (x86)/atmel/studio/7.0/toolchain/avr8/avr8-gnu-toolchain/bin/../lib/gcc/avr/5.4.0/avr6\libgcc.a(_clear_bss.o)
 .text.libgcc.div
                0x00000000        0x0 c:/program files (x86)/atmel/studio/7.0/toolchain/avr8/avr8-gnu-toolchain/bin/../lib/gcc/avr/5.4.0/avr6\libgcc.a(_clear_bss.o)
 .text.libgcc   0x00000000        0x0 c:/program files (x86)/atmel/studio/7.0/toolchain/avr8/avr8-gnu-toolchain/bin/../lib/gcc/avr/5.4.0/avr6\libgcc.a(_clear_bss.o)
 .text.libgcc.prologue
                0x00000000        0x0 c:/program files (x86)/atmel/studio/7.0/toolchain/avr8/avr8-gnu-toolchain/bin/../lib/gcc/avr/5.4.0/avr6\libgcc.a(_clear_bss.o)
 .text.libgcc.builtins
                0x00000000        0x0 c:/program files (x86)/atmel/studio/7.0/toolchain/avr8/avr8-gnu-toolchain/bin/../lib/gcc/avr/5.4.0/avr6\libgcc.a(_clear_bss.o)
 .text.libgcc.fmul
                0x00000000        0x0 c:/program files (x86)/atmel/studio/7.0/toolchain/avr8/avr8-gnu-toolchain/bin/../lib/gcc/avr/5.4.0/avr6\libgcc.a(_clear_bss.o)
 .text.libgcc.fixed
                0x00000000        0x0 c:/program files (x86)/atmel/studio/7.0/toolchain/avr8/avr8-gnu-toolchain/bin/../lib/gcc/avr/5.4.0/avr6\libgcc.a(_clear_bss.o)
 .text          0x00000000        0x0 c:/program files (x86)/atmel/studio/7.0/toolchain/avr8/avr8-gnu-toolchain/bin/../lib/gcc/avr/5.4.0/../../../../avr/lib/avr6\libc.a(memcpy.o)
 .data          0x00000000        0x0 c:/program files (x86)/atmel/studio/7.0/toolchain/avr8/avr8-gnu-toolchain/bin/../lib/gcc/avr/5.4.0/../../../../avr/lib/avr6\libc.a(memcpy.o)
 .bss           0x00000000        0x0 c:/program files (x86)/atmel/studio/7.0/toolchain/avr8/avr8-gnu-toolchain/bin/../lib/gcc/avr/5.4.0/../../../../avr/lib/avr6\libc.a(memcpy.o)
 .text          0x00000000        0x0 c:/program files (x86)/atmel/studio/7.0/toolchain/avr8/avr8-gnu-toolchain/bin/../lib/gcc/avr/5.4.0/../../../../avr/lib/avr6\libc.a(fprintf.o)
 .data          0x00000000        0x0 c:/program files (x86)/atmel/studio/7.0/toolchain/avr8/avr8-gnu-toolchain/bin/../lib/gcc/avr/5.4.0/../../../../avr/lib/avr6\libc.a(fprintf.o)
 .bss           0x00000000        0x0 c:/program files (x86)/atmel/studio/7.0/toolchain/avr8/avr8-gnu-toolchain/bin/../lib/gcc/avr/5.4.0/../../../../avr/lib/avr6\libc.a(fprintf.o)
 .text.avr-libc
                0x00000000       0x20 c:/program files (x86)/atmel/studio/7.0/toolchain/avr8/avr8-gnu-toolchain/bin/../lib/gcc/avr/5.4.0/../../../../avr/lib/avr6\libc.a(fprintf.o)
 .comment       0x00000000       0x31 c:/program files (x86)/atmel/studio/7.0/toolchain/avr8/avr8-gnu-toolchain/bin/../lib/gcc/avr/5.4.0/../../../../avr/lib/avr6\libc.a(fprintf.o)
 .text          0x00000000        0x0 c:/program files (x86)/atmel/studio/7.0/toolchain/avr8/avr8-gnu-toolchain/bin/../lib/gcc/avr/5.4.0/../../../../avr/lib/avr6\libc.a(iob.o)
 .data          0x00000000        0x0 c:/program files (x86)/atmel/studio/7.0/toolchain/avr8/avr8-gnu-toolchain/bin/../lib/gcc/avr/5.4.0/../../../../avr/lib/avr6\libc.a(iob.o)
 .bss           0x00000000        0x0 c:/program files (x86)/atmel/studio/7.0/toolchain/avr8/avr8-gnu-toolchain/bin/../lib/gcc/avr/5.4.0/../../../../avr/lib/avr6\libc.a(iob.o)
 .text          0x00000000        0x0 c:/program files (x86)/atmel/studio/7.0/toolchain/avr8/avr8-gnu-toolchain/bin/../lib/gcc/avr/5.4.0/../../../../avr/lib/avr6\libc.a(printf.o)
 .data          0x00000000        0x0 c:/program files (x86)/atmel/studio/7.0/toolchain/avr8/avr8-gnu-toolchain/bin/../lib/gcc/avr/5.4.0/../../../../avr/lib/avr6\libc.a(printf.o)
 .bss           0x00000000        0x0 c:/program files (x86)/atmel/studio/7.0/toolchain/avr8/avr8-gnu-toolchain/bin/../lib/gcc/avr/5.4.0/../../../../avr/lib/avr6\libc.a(printf.o)
 .text.avr-libc
                0x00000000       0x28 c:/program files (x86)/atmel/studio/7.0/toolchain/avr8/avr8-gnu-toolchain/bin/../lib/gcc/avr/5.4.0/../../../../avr/lib/avr6\libc.a(printf.o)
 .comment       0x00000000       0x31 c:/program files (x86)/atmel/studio/7.0/toolchain/avr8/avr8-gnu-toolchain/bin/../lib/gcc/avr/5.4.0/../../../../avr/lib/avr6\libc.a(printf.o)
 .text          0x00000000        0x0 c:/program files (x86)/atmel/studio/7.0/toolchain/avr8/avr8-gnu-toolchain/bin/../lib/gcc/avr/5.4.0/../../../../avr/lib/avr6\libc.a(printf_p.o)
 .data          0x00000000        0x0 c:/program files (x86)/atmel/studio/7.0/toolchain/avr8/avr8-gnu-toolchain/bin/../lib/gcc/avr/5.4.0/../../../../avr/lib/avr6\libc.a(printf_p.o)
 .bss           0x00000000        0x0 c:/program files (x86)/atmel/studio/7.0/toolchain/avr8/avr8-gnu-toolchain/bin/../lib/gcc/avr/5.4.0/../../../../avr/lib/avr6\libc.a(printf_p.o)
 .text          0x00000000        0x0 c:/program files (x86)/atmel/studio/7.0/toolchain/avr8/avr8-gnu-toolchain/bin/../lib/gcc/avr/5.4.0/../../../../avr/lib/avr6\libc.a(scanf.o)
 .data          0x00000000        0x0 c:/program files (x86)/atmel/studio/7.0/toolchain/avr8/avr8-gnu-toolchain/bin/../lib/gcc/avr/5.4.0/../../../../avr/lib/avr6\libc.a(scanf.o)
 .bss           0x00000000        0x0 c:/program files (x86)/atmel/studio/7.0/toolchain/avr8/avr8-gnu-toolchain/bin/../lib/gcc/avr/5.4.0/../../../../avr/lib/avr6\libc.a(scanf.o)
 .text          0x00000000        0x0 c:/program files (x86)/atmel/studio/7.0/toolchain/avr8/avr8-gnu-toolchain/bin/../lib/gcc/avr/5.4.0/../../../../avr/lib/avr6\libc.a(snprintf.o)
 .data          0x00000000        0x0 c:/program files (x86)/atmel/studio/7.0/toolchain/avr8/avr8-gnu-toolchain/bin/../lib/gcc/avr/5.4.0/../../../../avr/lib/avr6\libc.a(snprintf.o)
 .bss           0x00000000        0x0 c:/program files (x86)/atmel/studio/7.0/toolchain/avr8/avr8-gnu-toolchain/bin/../lib/gcc/avr/5.4.0/../../../../avr/lib/avr6\libc.a(snprintf.o)
 .text          0x00000000        0x0 c:/program files (x86)/atmel/studio/7.0/toolchain/avr8/avr8-gnu-toolchain/bin/../lib/gcc/avr/5.4.0/../../../../avr/lib/avr6\libc.a(vfprintf_std.o)
 .data          0x00000000        0x0 c:/program files (x86)/atmel/studio/7.0/toolchain/avr8/avr8-gnu-toolchain/bin/../lib/gcc/avr/5.4.0/../../../../avr/lib/avr6\libc.a(vfprintf_std.o)
 .bss           0x00000000        0x0 c:/program files (x86)/atmel/studio/7.0/toolchain/avr8/avr8-gnu-toolchain/bin/../lib/gcc/avr/5.4.0/../../../../avr/lib/avr6\libc.a(vfprintf_std.o)
 .text          0x00000000        0x0 c:/program files (x86)/atmel/studio/7.0/toolchain/avr8/avr8-gnu-toolchain/bin/../lib/gcc/avr/5.4.0/../../../../avr/lib/avr6\libc.a(vfscanf_std.o)
 .data          0x00000000        0x0 c:/program files (x86)/atmel/studio/7.0/toolchain/avr8/avr8-gnu-toolchain/bin/../lib/gcc/avr/5.4.0/../../../../avr/lib/avr6\libc.a(vfscanf_std.o)
 .bss           0x00000000        0x0 c:/program files (x86)/atmel/studio/7.0/toolchain/avr8/avr8-gnu-toolchain/bin/../lib/gcc/avr/5.4.0/../../../../avr/lib/avr6\libc.a(vfscanf_std.o)
 .text          0x00000000        0x0 c:/program files (x86)/atmel/studio/7.0/toolchain/avr8/avr8-gnu-toolchain/bin/../lib/gcc/avr/5.4.0/../../../../avr/lib/avr6\libc.a(isspace.o)
 .data          0x00000000        0x0 c:/program files (x86)/atmel/studio/7.0/toolchain/avr8/avr8-gnu-toolchain/bin/../lib/gcc/avr/5.4.0/../../../../avr/lib/avr6\libc.a(isspace.o)
 .bss           0x00000000        0x0 c:/program files (x86)/atmel/studio/7.0/toolchain/avr8/avr8-gnu-toolchain/bin/../lib/gcc/avr/5.4.0/../../../../avr/lib/avr6\libc.a(isspace.o)
 .text          0x00000000        0x0 c:/program files (x86)/atmel/studio/7.0/toolchain/avr8/avr8-gnu-toolchain/bin/../lib/gcc/avr/5.4.0/../../../../avr/lib/avr6\libc.a(strchr_P.o)
 .data          0x00000000        0x0 c:/program files (x86)/atmel/studio/7.0/toolchain/avr8/avr8-gnu-toolchain/bin/../lib/gcc/avr/5.4.0/../../../../avr/lib/avr6\libc.a(strchr_P.o)
 .bss           0x00000000        0x0 c:/program files (x86)/atmel/studio/7.0/toolchain/avr8/avr8-gnu-toolchain/bin/../lib/gcc/avr/5.4.0/../../../../avr/lib/avr6\libc.a(strchr_P.o)
 .text          0x00000000        0x0 c:/program files (x86)/atmel/studio/7.0/toolchain/avr8/avr8-gnu-toolchain/bin/../lib/gcc/avr/5.4.0/../../../../avr/lib/avr6\libc.a(strnlen_P.o)
 .data          0x00000000        0x0 c:/program files (x86)/atmel/studio/7.0/toolchain/avr8/avr8-gnu-toolchain/bin/../lib/gcc/avr/5.4.0/../../../../avr/lib/avr6\libc.a(strnlen_P.o)
 .bss           0x00000000        0x0 c:/program files (x86)/atmel/studio/7.0/toolchain/avr8/avr8-gnu-toolchain/bin/../lib/gcc/avr/5.4.0/../../../../avr/lib/avr6\libc.a(strnlen_P.o)
 .text          0x00000000        0x0 c:/program files (x86)/atmel/studio/7.0/toolchain/avr8/avr8-gnu-toolchain/bin/../lib/gcc/avr/5.4.0/../../../../avr/lib/avr6\libc.a(strnlen.o)
 .data          0x00000000        0x0 c:/program files (x86)/atmel/studio/7.0/toolchain/avr8/avr8-gnu-toolchain/bin/../lib/gcc/avr/5.4.0/../../../../avr/lib/avr6\libc.a(strnlen.o)
 .bss           0x00000000        0x0 c:/program files (x86)/atmel/studio/7.0/toolchain/avr8/avr8-gnu-toolchain/bin/../lib/gcc/avr/5.4.0/../../../../avr/lib/avr6\libc.a(strnlen.o)
 .text          0x00000000        0x0 c:/program files (x86)/atmel/studio/7.0/toolchain/avr8/avr8-gnu-toolchain/bin/../lib/gcc/avr/5.4.0/../../../../avr/lib/avr6\libc.a(fgetc.o)
 .data          0x00000000        0x0 c:/program files (x86)/atmel/studio/7.0/toolchain/avr8/avr8-gnu-toolchain/bin/../lib/gcc/avr/5.4.0/../../../../avr/lib/avr6\libc.a(fgetc.o)
 .bss           0x00000000        0x0 c:/program files (x86)/atmel/studio/7.0/toolchain/avr8/avr8-gnu-toolchain/bin/../lib/gcc/avr/5.4.0/../../../../avr/lib/avr6\libc.a(fgetc.o)
 .text          0x00000000        0x0 c:/program files (x86)/atmel/studio/7.0/toolchain/avr8/avr8-gnu-toolchain/bin/../lib/gcc/avr/5.4.0/../../../../avr/lib/avr6\libc.a(fputc.o)
 .data          0x00000000        0x0 c:/program files (x86)/atmel/studio/7.0/toolchain/avr8/avr8-gnu-toolchain/bin/../lib/gcc/avr/5.4.0/../../../../avr/lib/avr6\libc.a(fputc.o)
 .bss           0x00000000        0x0 c:/program files (x86)/atmel/studio/7.0/toolchain/avr8/avr8-gnu-toolchain/bin/../lib/gcc/avr/5.4.0/../../../../avr/lib/avr6\libc.a(fputc.o)
 .text          0x00000000        0x0 c:/program files (x86)/atmel/studio/7.0/toolchain/avr8/avr8-gnu-toolchain/bin/../lib/gcc/avr/5.4.0/../../../../avr/lib/avr6\libc.a(ungetc.o)
 .data          0x00000000        0x0 c:/program files (x86)/atmel/studio/7.0/toolchain/avr8/avr8-gnu-toolchain/bin/../lib/gcc/avr/5.4.0/../../../../avr/lib/avr6\libc.a(ungetc.o)
 .bss           0x00000000        0x0 c:/program files (x86)/atmel/studio/7.0/toolchain/avr8/avr8-gnu-toolchain/bin/../lib/gcc/avr/5.4.0/../../../../avr/lib/avr6\libc.a(ungetc.o)
 .text          0x00000000        0x0 c:/program files (x86)/atmel/studio/7.0/toolchain/avr8/avr8-gnu-toolchain/bin/../lib/gcc/avr/5.4.0/../../../../avr/lib/avr6\libc.a(ultoa_invert.o)
 .data          0x00000000        0x0 c:/program files (x86)/atmel/studio/7.0/toolchain/avr8/avr8-gnu-toolchain/bin/../lib/gcc/avr/5.4.0/../../../../avr/lib/avr6\libc.a(ultoa_invert.o)
 .bss           0x00000000        0x0 c:/program files (x86)/atmel/studio/7.0/toolchain/avr8/avr8-gnu-toolchain/bin/../lib/gcc/avr/5.4.0/../../../../avr/lib/avr6\libc.a(ultoa_invert.o)
 .text          0x00000000        0x0 c:/program files (x86)/atmel/studio/7.0/toolchain/avr8/avr8-gnu-toolchain/bin/../lib/gcc/avr/5.4.0/../../../../avr/lib/avr6\libc.a(cty_isfalse.o)
 .data          0x00000000        0x0 c:/program files (x86)/atmel/studio/7.0/toolchain/avr8/avr8-gnu-toolchain/bin/../lib/gcc/avr/5.4.0/../../../../avr/lib/avr6\libc.a(cty_isfalse.o)
 .bss           0x00000000        0x0 c:/program files (x86)/atmel/studio/7.0/toolchain/avr8/avr8-gnu-toolchain/bin/../lib/gcc/avr/5.4.0/../../../../avr/lib/avr6\libc.a(cty_isfalse.o)
 .text          0x00000000        0x0 C:/Program Files (x86)/Atmel/Studio/7.0/Packs/atmel/ATmega_DFP/1.3.300/gcc/dev/atmega2560/avr6\libatmega2560.a(eerd_byte.o)
 .data          0x00000000        0x0 C:/Program Files (x86)/Atmel/Studio/7.0/Packs/atmel/ATmega_DFP/1.3.300/gcc/dev/atmega2560/avr6\libatmega2560.a(eerd_byte.o)
 .bss           0x00000000        0x0 C:/Program Files (x86)/Atmel/Studio/7.0/Packs/atmel/ATmega_DFP/1.3.300/gcc/dev/atmega2560/avr6\libatmega2560.a(eerd_byte.o)
 .text          0x00000000        0x0 C:/Program Files (x86)/Atmel/Studio/7.0/Packs/atmel/ATmega_DFP/1.3.300/gcc/dev/atmega2560/avr6\libatmega2560.a(eeupd_byte.o)
 .data          0x00000000        0x0 C:/Program Files (x86)/Atmel/Studio/7.0/Packs/atmel/ATmega_DFP/1.3.300/gcc/dev/atmega2560/avr6\libatmega2560.a(eeupd_byte.o)
 .bss           0x00000000        0x0 C:/Program Files (x86)/Atmel/Studio/7.0/Packs/atmel/ATmega_DFP/1.3.300/gcc/dev/atmega2560/avr6\libatmega2560.a(eeupd_byte.o)

Memory Configuration

Name             Origin             Length             Attributes
text             0x00000000         0x00100000         xr
data             0x00800200         0x0000fe00         rw !x
eeprom           0x00810000         0x00010000         rw !x
fuse             0x00820000         0x00000003         rw !x
lock             0x00830000         0x00000400         rw !x
signature        0x00840000         0x00000400         rw !x
user_signatures  0x00850000         0x00000400         rw !x
*default*        0x00000000         0xffffffff

Linker script and memory map

Address of section .data set to 0x800200
LOAD C:/Program Files (x86)/Atmel/Studio/7.0/Packs/atmel/ATmega_DFP/1.3.300/gcc/dev/atmega2560/avr6/crtatmega2560.o
LOAD Adafruit_Fingerprint.o
LOAD fp_uart.o
LOAD lcd.o
LOAD main.o
LOAD millis.o
LOAD uart.o
START GROUP
LOAD c:/program files (x86)/atmel/studio/7.0/toolchain/avr8/avr8-gnu-toolchain/bin/../lib/gcc/avr/5.4.0/../../../../avr/lib/avr6\libm.a
END GROUP
START GROUP
LOAD c:/program files (x86)/atmel/studio/7.0/toolchain/avr8/avr8-gnu-toolchain/bin/../lib/gcc/avr/5.4.0/avr6\libgcc.a
LOAD c:/program files (x86)/atmel/studio/7.0/toolchain/avr8/avr8-gnu-toolchain/bin/../lib/gcc/avr/5.4.0/../../../../avr/lib/avr6\libm.a
LOAD c:/program files (x86)/atmel/studio/7.0/toolchain/avr8/avr8-gnu-toolchain/bin/../lib/gcc/avr/5.4.0/../../../../avr/lib/avr6\libc.a
LOAD C:/Program Files (x86)/Atmel/Studio/7.0/Packs/atmel/ATmega_DFP/1.3.300/gcc/dev/atmega2560/avr6\libatmega2560.a
END GROUP
                0x00000000                __TEXT_REGION_ORIGIN__ = DEFINED (__TEXT_REGION_ORIGIN__)?__TEXT_REGION_ORIGIN__:0x0
                0x00800200                __DATA_REGION_ORIGIN__ = DEFINED (__DATA_REGION_ORIGIN__)?__DATA_REGION_ORIGIN__:0x800200
                0x00100000                __TEXT_REGION_LENGTH__ = DEFINED (__TEXT_REGION_LENGTH__)?__TEXT_REGION_LENGTH__:0x100000
                0x0000fe00                __DATA_REGION_LENGTH__ = DEFINED (__DATA_REGION_LENGTH__)?__DATA_REGION_LENGTH__:0xfe00
                0x00010000                __EEPROM_REGION_LENGTH__ = DEFINED (__EEPROM_REGION_LENGTH__)?__EEPROM_REGION_LENGTH__:0x10000
                [0x00000003]                __FUSE_REGION_LENGTH__ = DEFINED (__FUSE_REGION_LENGTH__)?__FUSE_REGION_LENGTH__:0x400
                0x00000400                __LOCK_REGION_LENGTH__ = DEFINED (__LOCK_REGION_LENGTH__)?__LOCK_REGION_LENGTH__:0x400
                0x00000400                __SIGNATURE_REGION_LENGTH__ = DEFINED (__SIGNATURE_REGION_LENGTH__)?__SIGNATURE_REGION_LENGTH__:0x400
                0x00000400                __USER_SIGNATURE_REGION_LENGTH__ = DEFINED (__USER_SIGNATURE_REGION_LENGTH__)?__USER_SIGNATURE_REGION_LENGTH__:0x400

.hash
 *(.hash)

.dynsym
 *(.dynsym)

.dynstr
 *(.dynstr)

.gnu.version
 *(.gnu.version)

.gnu.version_d
 *(.gnu.version_d)

.gnu.version_r
 *(.gnu.version_r)

.rel.init
 *(.rel.init)

.rela.init
 *(.rela.init)

.rel.text
 *(.rel.text)
 *(.rel.text.*)
 *(.rel.gnu.linkonce.t*)

.rela.text
 *(.rela.text)
 *(.rela.text.*)
 *(.rela.gnu.linkonce.t*)

.rel.fini
 *(.rel.fini)

.rela.fini
 *(.rela.fini)

.rel.rodata
 *(.rel.rodata)
 *(.rel.rodata.*)
 *(.rel.gnu.linkonce.r*)

.rela.rodata
 *(.rela.rodata)
 *(.rela.rodata.*)
 *(.rela.gnu.linkonce.r*)

.rel.data
 *(.rel.data)
 *(.rel.data.*)
 *(.rel.gnu.linkonce.d*)

.rela.data
 *(.rela.data)
 *(.rela.data.*)
 *(.rela.gnu.linkonce.d*)

.rel.ctors
 *(.rel.ctors)

.rela.ctors
 *(.rela.ctors)

.rel.dtors
 *(.rel.dtors)

.rela.dtors
 *(.rela.dtors)

.rel.got
 *(.rel.got)

.rela.got
 *(.rela.got)

.rel.bss
 *(.rel.bss)

.rela.bss
 *(.rela.bss)

.rel.plt
 *(.rel.plt)

.rela.plt
 *(.rela.plt)

.text           0x00000000     0x2b0e
 *(.vectors)
 .vectors       0x00000000       0xe4 C:/Program Files (x86)/Atmel/Studio/7.0/Packs/atmel/ATmega_DFP/1.3.300/gcc/dev/atmega2560/avr6/crtatmega2560.o
                0x00000000                __vector_default
                0x00000000                __vectors
 *(.vectors)
 *(.progmem.gcc*)
 .progmem.gcc_sw_table.FP_getStructuredPacket
                0x000000e4       0x12 Adafruit_Fingerprint.o
                0x000000f6                . = ALIGN (0x2)
                0x000000f6                __trampolines_start = .
 *(.trampolines)
 .trampolines   0x000000f6        0x0 linker stubs
 *(.trampolines*)
                0x000000f6                __trampolines_end = .
 *libprintf_flt.a:*(.progmem.data)
 *libc.a:*(.progmem.data)
 .progmem.data  0x000000f6        0xc c:/program files (x86)/atmel/studio/7.0/toolchain/avr8/avr8-gnu-toolchain/bin/../lib/gcc/avr/5.4.0/../../../../avr/lib/avr6\libc.a(vfscanf_std.o)
 *(.progmem*)
 .progmem.data.__c.2751
                0x00000102        0x7 Adafruit_Fingerprint.o
 .progmem.data.__c.2737
                0x00000109        0x3 Adafruit_Fingerprint.o
 .progmem.data.__c.2735
                0x0000010c        0x3 Adafruit_Fingerprint.o
 .progmem.data.__c.2733
                0x0000010f        0x3 Adafruit_Fingerprint.o
 .progmem.data.__c.2728
                0x00000112        0xc Adafruit_Fingerprint.o
 .progmem.data.__c.2726
                0x0000011e        0x4 Adafruit_Fingerprint.o
 .progmem.data.__c.2718
                0x00000122        0x5 Adafruit_Fingerprint.o
 .progmem.data.__c.2716
                0x00000127        0x5 Adafruit_Fingerprint.o
 .progmem.data.__c.2714
                0x0000012c        0x3 Adafruit_Fingerprint.o
 .progmem.data.__c.2712
                0x0000012f        0x5 Adafruit_Fingerprint.o
 .progmem.data.__c.2707
                0x00000134        0x3 Adafruit_Fingerprint.o
 .progmem.data.__c.2705
                0x00000137        0x5 Adafruit_Fingerprint.o
 .progmem.data.__c.2701
                0x0000013c        0x3 Adafruit_Fingerprint.o
 .progmem.data.__c.2699
                0x0000013f        0x5 Adafruit_Fingerprint.o
 .progmem.data.__c.2697
                0x00000144        0x3 Adafruit_Fingerprint.o
 .progmem.data.__c.2695
                0x00000147        0x5 Adafruit_Fingerprint.o
 .progmem.data.__c.2693
                0x0000014c        0x3 Adafruit_Fingerprint.o
 .progmem.data.__c.2691
                0x0000014f        0x5 Adafruit_Fingerprint.o
 .progmem.data.__c.2689
                0x00000154        0x3 Adafruit_Fingerprint.o
 .progmem.data.__c.2687
                0x00000157        0x5 Adafruit_Fingerprint.o
 .progmem.data.__c.2685
                0x0000015c        0x3 Adafruit_Fingerprint.o
 .progmem.data.__c.2683
                0x0000015f        0x5 Adafruit_Fingerprint.o
 .progmem.data.__c.2681
                0x00000164        0x3 Adafruit_Fingerprint.o
 .progmem.data.__c.2679
                0x00000167        0x5 Adafruit_Fingerprint.o
 .progmem.data.__c.2677
                0x0000016c        0x3 Adafruit_Fingerprint.o
 .progmem.data.__c.2675
                0x0000016f        0x5 Adafruit_Fingerprint.o
 .progmem.data.__c.2673
                0x00000174        0x3 Adafruit_Fingerprint.o
 .progmem.data.__c.2671
                0x00000177        0x5 Adafruit_Fingerprint.o
 .progmem.data.__c.2669
                0x0000017c        0x3 Adafruit_Fingerprint.o
 .progmem.data.__c.2667
                0x0000017f        0x6 Adafruit_Fingerprint.o
 .progmem.data.__c.2585
                0x00000185        0x5 Adafruit_Fingerprint.o
 .progmem.data.__c.2583
                0x0000018a        0xc Adafruit_Fingerprint.o
 .progmem.data.__c.2581
                0x00000196        0x5 Adafruit_Fingerprint.o
 .progmem.data.__c.2579
                0x0000019b        0xd Adafruit_Fingerprint.o
 .progmem.data.__c.2577
                0x000001a8        0x6 Adafruit_Fingerprint.o
 .progmem.data.__c.2575
                0x000001ae       0x11 Adafruit_Fingerprint.o
 .progmem.data.__c.2573
                0x000001bf        0x5 Adafruit_Fingerprint.o
 .progmem.data.__c.2571
                0x000001c4       0x11 Adafruit_Fingerprint.o
 .progmem.data.__c.2569
                0x000001d5        0x5 Adafruit_Fingerprint.o
 .progmem.data.__c.2567
                0x000001da        0xb Adafruit_Fingerprint.o
 .progmem.data.__c.2565
                0x000001e5        0x5 Adafruit_Fingerprint.o
 .progmem.data.__c.2563
                0x000001ea        0xb Adafruit_Fingerprint.o
 .progmem.data.__c.2561
                0x000001f5        0x5 Adafruit_Fingerprint.o
 .progmem.data.__c.2559
                0x000001fa        0xb Adafruit_Fingerprint.o
 .progmem.data.__c.2557
                0x00000205       0x1c Adafruit_Fingerprint.o
 .progmem.data.__c.2552
                0x00000221        0x5 Adafruit_Fingerprint.o
 .progmem.data.__c.2550
                0x00000226       0x11 Adafruit_Fingerprint.o
 .progmem.data.__c.2545
                0x00000237       0x25 Adafruit_Fingerprint.o
 .progmem.data.__c.2543
                0x0000025c       0x1c Adafruit_Fingerprint.o
 .progmem.data.__c.2538
                0x00000278       0x10 Adafruit_Fingerprint.o
 .progmem.data.__c.2536
                0x00000288       0x19 Adafruit_Fingerprint.o
 .progmem.data.__c.2534
                0x000002a1       0x23 Adafruit_Fingerprint.o
 .progmem.data.__c.2532
                0x000002c4       0x16 Adafruit_Fingerprint.o
 .progmem.data.__c.2530
                0x000002da        0xa Adafruit_Fingerprint.o
 .progmem.data.__c.2524
                0x000002e4       0x10 Adafruit_Fingerprint.o
 .progmem.data.__c.2522
                0x000002f4       0x1d Adafruit_Fingerprint.o
 .progmem.data.__c.2520
                0x00000311       0x16 Adafruit_Fingerprint.o
 .progmem.data.__c.2528
                0x00000327        0x5 Adafruit_Fingerprint.o
 .progmem.data.__c.2526
                0x0000032c        0x4 Adafruit_Fingerprint.o
 .progmem.data.__c.2518
                0x00000330       0x12 Adafruit_Fingerprint.o
 .progmem.data.__c.2512
                0x00000342       0x10 Adafruit_Fingerprint.o
 .progmem.data.__c.2509
                0x00000352       0x26 Adafruit_Fingerprint.o
 .progmem.data.__c.2506
                0x00000378       0x26 Adafruit_Fingerprint.o
 .progmem.data.__c.2503
                0x0000039e       0x16 Adafruit_Fingerprint.o
 .progmem.data.__c.2500
                0x000003b4       0x12 Adafruit_Fingerprint.o
 .progmem.data.__c.2516
                0x000003c6        0x5 Adafruit_Fingerprint.o
 .progmem.data.__c.2514
                0x000003cb       0x16 Adafruit_Fingerprint.o
 .progmem.data.__c.2496
                0x000003e1       0x12 Adafruit_Fingerprint.o
 .progmem.data.__c.2490
                0x000003f3       0x10 Adafruit_Fingerprint.o
 .progmem.data.__c.2487
                0x00000403       0x10 Adafruit_Fingerprint.o
 .progmem.data.__c.2484
                0x00000413       0x16 Adafruit_Fingerprint.o
 .progmem.data.__c.2481
                0x00000429        0x4 Adafruit_Fingerprint.o
 .progmem.data.__c.2477
                0x0000042d        0xe Adafruit_Fingerprint.o
 .progmem.data.__c.2474
                0x0000043b       0x1a Adafruit_Fingerprint.o
 .progmem.data.__c.2472
                0x00000455        0x5 Adafruit_Fingerprint.o
 .progmem.data.__c.2470
                0x0000045a        0x4 Adafruit_Fingerprint.o
 .progmem.data.__c.2463
                0x0000045e       0x10 Adafruit_Fingerprint.o
 .progmem.data.__c.2460
                0x0000046e       0x26 Adafruit_Fingerprint.o
 .progmem.data.__c.2457
                0x00000494       0x26 Adafruit_Fingerprint.o
 .progmem.data.__c.2454
                0x000004ba       0x16 Adafruit_Fingerprint.o
 .progmem.data.__c.2451
                0x000004d0       0x12 Adafruit_Fingerprint.o
 .progmem.data.__c.2465
                0x000004e2       0x10 Adafruit_Fingerprint.o
 .progmem.data.__c.2447
                0x000004f2       0x12 Adafruit_Fingerprint.o
 .progmem.data.__c.2441
                0x00000504       0x10 Adafruit_Fingerprint.o
 .progmem.data.__c.2438
                0x00000514       0x10 Adafruit_Fingerprint.o
 .progmem.data.__c.2435
                0x00000524       0x16 Adafruit_Fingerprint.o
 .progmem.data.__c.2432
                0x0000053a        0x4 Adafruit_Fingerprint.o
 .progmem.data.__c.2428
                0x0000053e        0xe Adafruit_Fingerprint.o
 .progmem.data.__c.2425
                0x0000054c        0x5 Adafruit_Fingerprint.o
 .progmem.data.__c.2423
                0x00000551       0x28 Adafruit_Fingerprint.o
 .progmem.data.__c.2413
                0x00000579        0x5 Adafruit_Fingerprint.o
 .progmem.data.__c.2411
                0x0000057e       0x15 Adafruit_Fingerprint.o
 .progmem.data.__c.2409
                0x00000593        0x5 Adafruit_Fingerprint.o
 .progmem.data.__c.2407
                0x00000598        0xc Adafruit_Fingerprint.o
 .progmem.data.__c.2564
                0x000005a4       0x1d main.o
 .progmem.data.__c.2548
                0x000005c1       0x14 main.o
                0x000005d6                . = ALIGN (0x2)
 *fill*         0x000005d5        0x1 
 *(.jumptables)
 *(.jumptables*)
 *(.lowtext)
 *(.lowtext*)
                0x000005d6                __ctors_start = .
 *(.ctors)
                0x000005d6                __ctors_end = .
                0x000005d6                __dtors_start = .
 *(.dtors)
                0x000005d6                __dtors_end = .
 SORT(*)(.ctors)
 SORT(*)(.dtors)
 *(.init0)
 .init0         0x000005d6        0x0 C:/Program Files (x86)/Atmel/Studio/7.0/Packs/atmel/ATmega_DFP/1.3.300/gcc/dev/atmega2560/avr6/crtatmega2560.o
                0x000005d6                __init
 *(.init0)
 *(.init1)
 *(.init1)
 *(.init2)
 .init2         0x000005d6       0x10 C:/Program Files (x86)/Atmel/Studio/7.0/Packs/atmel/ATmega_DFP/1.3.300/gcc/dev/atmega2560/avr6/crtatmega2560.o
 *(.init2)
 *(.init3)
 *(.init3)
 *(.init4)
 .init4         0x000005e6       0x1a c:/program files (x86)/atmel/studio/7.0/toolchain/avr8/avr8-gnu-toolchain/bin/../lib/gcc/avr/5.4.0/avr6\libgcc.a(_copy_data.o)
                0x000005e6                __do_copy_data
 .init4         0x00000600       0x10 c:/program files (x86)/atmel/studio/7.0/toolchain/avr8/avr8-gnu-toolchain/bin/../lib/gcc/avr/5.4.0/avr6\libgcc.a(_clear_bss.o)
                0x00000600                __do_clear_bss
 *(.init4)
 *(.init5)
 *(.init5)
 *(.init6)
 *(.init6)
 *(.init7)
 *(.init7)
 *(.init8)
 *(.init8)
 *(.init9)
 .init9         0x00000610        0x8 C:/Program Files (x86)/Atmel/Studio/7.0/Packs/atmel/ATmega_DFP/1.3.300/gcc/dev/atmega2560/avr6/crtatmega2560.o
 *(.init9)
 *(.text)
 .text          0x00000618        0x2 C:/Program Files (x86)/Atmel/Studio/7.0/Packs/atmel/ATmega_DFP/1.3.300/gcc/dev/atmega2560/avr6/crtatmega2560.o
                0x00000618                __vector_38
                0x00000618                __vector_22
                0x00000618                __vector_28
                0x00000618                __vector_1
                0x00000618                __vector_32
                0x00000618                __vector_34
                0x00000618                __vector_24
                0x00000618                __vector_12
                0x00000618                __vector_55
                0x00000618                __vector_46
                0x00000618                __bad_interrupt
                0x00000618                __vector_6
                0x00000618                __vector_31
                0x00000618                __vector_35
                0x00000618                __vector_39
                0x00000618                __vector_3
                0x00000618                __vector_23
                0x00000618                __vector_30
                0x00000618                __vector_45
                0x00000618                __vector_25
                0x00000618                __vector_11
                0x00000618                __vector_54
                0x00000618                __vector_13
                0x00000618                __vector_19
                0x00000618                __vector_56
                0x00000618                __vector_7
                0x00000618                __vector_49
                0x00000618                __vector_41
                0x00000618                __vector_43
                0x00000618                __vector_27
                0x00000618                __vector_5
                0x00000618                __vector_33
                0x00000618                __vector_47
                0x00000618                __vector_52
                0x00000618                __vector_37
                0x00000618                __vector_4
                0x00000618                __vector_44
                0x00000618                __vector_51
                0x00000618                __vector_9
                0x00000618                __vector_2
                0x00000618                __vector_21
                0x00000618                __vector_15
                0x00000618                __vector_29
                0x00000618                __vector_40
                0x00000618                __vector_8
                0x00000618                __vector_26
                0x00000618                __vector_48
                0x00000618                __vector_14
                0x00000618                __vector_53
                0x00000618                __vector_10
                0x00000618                __vector_50
                0x00000618                __vector_16
                0x00000618                __vector_18
                0x00000618                __vector_20
                0x00000618                __vector_42
                0x0000061a                . = ALIGN (0x2)
 *(.text.*)
 .text.Make_Packet
                0x0000061a       0x5c Adafruit_Fingerprint.o
                0x0000061a                Make_Packet
 .text.FP_writeStructuredPacket
                0x00000676      0x25c Adafruit_Fingerprint.o
                0x00000676                FP_writeStructuredPacket
 .text.FP_getStructuredPacket
                0x000008d2      0x18a Adafruit_Fingerprint.o
                0x000008d2                FP_getStructuredPacket
 .text.FP_checkPassword
                0x00000a5c       0x82 Adafruit_Fingerprint.o
                0x00000a5c                FP_checkPassword
 .text.FP_verifyPassword
                0x00000ade        0xc Adafruit_Fingerprint.o
                0x00000ade                FP_verifyPassword
 .text.verifyPassword
                0x00000aea       0x32 Adafruit_Fingerprint.o
                0x00000aea                verifyPassword
 .text.FP_getParameters
                0x00000b1c      0x160 Adafruit_Fingerprint.o
                0x00000b1c                FP_getParameters
 .text.read_config
                0x00000c7c      0x138 Adafruit_Fingerprint.o
                0x00000c7c                read_config
 .text.FP_getImage
                0x00000db4       0x54 Adafruit_Fingerprint.o
                0x00000db4                FP_getImage
 .text.FP_image2Tz
                0x00000e08       0x5c Adafruit_Fingerprint.o
                0x00000e08                FP_image2Tz
 .text.FP_createModel
                0x00000e64       0x56 Adafruit_Fingerprint.o
                0x00000e64                FP_createModel
 .text.FP_storeModel
                0x00000eba       0x66 Adafruit_Fingerprint.o
                0x00000eba                FP_storeModel
 .text.FP_fingerFastSearch
                0x00000f20       0x9a Adafruit_Fingerprint.o
                0x00000f20                FP_fingerFastSearch
 .text.getFingerprintIDez
                0x00000fba       0x82 Adafruit_Fingerprint.o
                0x00000fba                getFingerprintIDez
 .text.FP_getTemplateCount
                0x0000103c       0x6c Adafruit_Fingerprint.o
                0x0000103c                FP_getTemplateCount
 .text.getTemplateCount
                0x000010a8       0x38 Adafruit_Fingerprint.o
                0x000010a8                getTemplateCount
 .text.getFingerprintEnroll
                0x000010e0      0x528 Adafruit_Fingerprint.o
                0x000010e0                getFingerprintEnroll
 .text.fp_available
                0x00001608       0x12 fp_uart.o
                0x00001608                fp_available
 .text.fp_read  0x0000161a       0x24 fp_uart.o
                0x0000161a                fp_read
 .text.fp_uartInit
                0x0000163e       0x20 fp_uart.o
                0x0000163e                fp_uartInit
 .text.fp_putch
                0x0000165e       0x10 fp_uart.o
                0x0000165e                fp_putch
 .text.__vector_36
                0x0000166e       0x4e fp_uart.o
                0x0000166e                __vector_36
 .text.lcd_write_4
                0x000016bc       0x3c lcd.o
                0x000016bc                lcd_write_4
 .text.lcd_write_character_4d
                0x000016f8       0x24 lcd.o
                0x000016f8                lcd_write_character_4d
 .text.lcd_write_string_4d
                0x0000171c       0x36 lcd.o
                0x0000171c                lcd_write_string_4d
 .text.lcd_write_instruction_4d
                0x00001752       0x24 lcd.o
                0x00001752                lcd_write_instruction_4d
 .text.lcd_init_4d
                0x00001776       0xb4 lcd.o
                0x00001776                lcd_init_4d
 .text.lcd_msg  0x0000182a       0x38 lcd.o
                0x0000182a                lcd_msg
 .text.lcd_init
                0x00001862       0x3e lcd.o
                0x00001862                lcd_init
 .text.config_keypad
                0x000018a0       0x22 main.o
                0x000018a0                config_keypad
 .text.manage_eeprom
                0x000018c2      0x146 main.o
                0x000018c2                manage_eeprom
 .text.manage_choices
                0x00001a08       0xce main.o
                0x00001a08                manage_choices
 .text.main     0x00001ad6      0x1a6 main.o
                0x00001ad6                main
 .text.__vector_17
                0x00001c7c       0x4a millis.o
                0x00001c7c                __vector_17
 .text.init_millis
                0x00001cc6       0x30 millis.o
                0x00001cc6                init_millis
 .text.millis   0x00001cf6       0x16 millis.o
                0x00001cf6                millis
 .text.USART0SendByte
                0x00001d0c       0x14 uart.o
                0x00001d0c                USART0SendByte
 .text.USART0ReceiveByte
                0x00001d20       0x1e uart.o
                0x00001d20                USART0ReceiveByte
 .text.USART0Init
                0x00001d3e       0x30 uart.o
                0x00001d3e                USART0Init
 .text.kbhit    0x00001d6e        0xc uart.o
                0x00001d6e                kbhit
 .text.getch    0x00001d7a       0x44 uart.o
                0x00001d7a                getch
 .text.libgcc.div
                0x00001dbe       0x44 c:/program files (x86)/atmel/studio/7.0/toolchain/avr8/avr8-gnu-toolchain/bin/../lib/gcc/avr/5.4.0/avr6\libgcc.a(_udivmodsi4.o)
                0x00001dbe                __udivmodsi4
 .text.libgcc   0x00001e02       0x10 c:/program files (x86)/atmel/studio/7.0/toolchain/avr8/avr8-gnu-toolchain/bin/../lib/gcc/avr/5.4.0/avr6\libgcc.a(_tablejump2.o)
                0x00001e02                __tablejump2__
 .text.avr-libc
                0x00001e12       0x12 c:/program files (x86)/atmel/studio/7.0/toolchain/avr8/avr8-gnu-toolchain/bin/../lib/gcc/avr/5.4.0/../../../../avr/lib/avr6\libc.a(memcpy.o)
                0x00001e12                memcpy
 .text.avr-libc
                0x00001e24       0x4e c:/program files (x86)/atmel/studio/7.0/toolchain/avr8/avr8-gnu-toolchain/bin/../lib/gcc/avr/5.4.0/../../../../avr/lib/avr6\libc.a(printf_p.o)
                0x00001e24                printf_P
 .text.avr-libc
                0x00001e72       0x26 c:/program files (x86)/atmel/studio/7.0/toolchain/avr8/avr8-gnu-toolchain/bin/../lib/gcc/avr/5.4.0/../../../../avr/lib/avr6\libc.a(scanf.o)
                0x00001e72                scanf
 .text.avr-libc
                0x00001e98       0x78 c:/program files (x86)/atmel/studio/7.0/toolchain/avr8/avr8-gnu-toolchain/bin/../lib/gcc/avr/5.4.0/../../../../avr/lib/avr6\libc.a(snprintf.o)
                0x00001e98                snprintf
 .text.avr-libc
                0x00001f10      0x3fa c:/program files (x86)/atmel/studio/7.0/toolchain/avr8/avr8-gnu-toolchain/bin/../lib/gcc/avr/5.4.0/../../../../avr/lib/avr6\libc.a(vfprintf_std.o)
                0x00001f10                vfprintf
 .text.avr-libc
                0x0000230a      0x592 c:/program files (x86)/atmel/studio/7.0/toolchain/avr8/avr8-gnu-toolchain/bin/../lib/gcc/avr/5.4.0/../../../../avr/lib/avr6\libc.a(vfscanf_std.o)
                0x0000266e                vfscanf
 .text.avr-libc
                0x0000289c       0x10 c:/program files (x86)/atmel/studio/7.0/toolchain/avr8/avr8-gnu-toolchain/bin/../lib/gcc/avr/5.4.0/../../../../avr/lib/avr6\libc.a(isspace.o)
                0x0000289c                isspace
 .text.avr-libc
                0x000028ac       0x16 c:/program files (x86)/atmel/studio/7.0/toolchain/avr8/avr8-gnu-toolchain/bin/../lib/gcc/avr/5.4.0/../../../../avr/lib/avr6\libc.a(strchr_P.o)
                0x000028ac                strchr_P
 .text.avr-libc
                0x000028c2       0x16 c:/program files (x86)/atmel/studio/7.0/toolchain/avr8/avr8-gnu-toolchain/bin/../lib/gcc/avr/5.4.0/../../../../avr/lib/avr6\libc.a(strnlen_P.o)
                0x000028c2                strnlen_P
 .text.avr-libc
                0x000028d8       0x16 c:/program files (x86)/atmel/studio/7.0/toolchain/avr8/avr8-gnu-toolchain/bin/../lib/gcc/avr/5.4.0/../../../../avr/lib/avr6\libc.a(strnlen.o)
                0x000028d8                strnlen
 .text.avr-libc
                0x000028ee       0x7c c:/program files (x86)/atmel/studio/7.0/toolchain/avr8/avr8-gnu-toolchain/bin/../lib/gcc/avr/5.4.0/../../../../avr/lib/avr6\libc.a(fgetc.o)
                0x000028ee                fgetc
 .text.avr-libc
                0x0000296a       0x78 c:/program files (x86)/atmel/studio/7.0/toolchain/avr8/avr8-gnu-toolchain/bin/../lib/gcc/avr/5.4.0/../../../../avr/lib/avr6\libc.a(fputc.o)
                0x0000296a                fputc
 .text.avr-libc
                0x000029e2       0x32 c:/program files (x86)/atmel/studio/7.0/toolchain/avr8/avr8-gnu-toolchain/bin/../lib/gcc/avr/5.4.0/../../../../avr/lib/avr6\libc.a(ungetc.o)
                0x000029e2                ungetc
 .text.avr-libc
                0x00002a14       0xbc c:/program files (x86)/atmel/studio/7.0/toolchain/avr8/avr8-gnu-toolchain/bin/../lib/gcc/avr/5.4.0/../../../../avr/lib/avr6\libc.a(ultoa_invert.o)
                0x00002a14                __ultoa_invert
 .text.avr-libc
                0x00002ad0        0x6 c:/program files (x86)/atmel/studio/7.0/toolchain/avr8/avr8-gnu-toolchain/bin/../lib/gcc/avr/5.4.0/../../../../avr/lib/avr6\libc.a(cty_isfalse.o)
                0x00002ad0                __ctype_isfalse
                0x00002ad4                __ctype_istrue
 .text.avr-libc
                0x00002ad6       0x10 C:/Program Files (x86)/Atmel/Studio/7.0/Packs/atmel/ATmega_DFP/1.3.300/gcc/dev/atmega2560/avr6\libatmega2560.a(eerd_byte.o)
                0x00002ad6                eeprom_read_byte
 .text.avr-libc
                0x00002ae6       0x24 C:/Program Files (x86)/Atmel/Studio/7.0/Packs/atmel/ATmega_DFP/1.3.300/gcc/dev/atmega2560/avr6\libatmega2560.a(eeupd_byte.o)
                0x00002ae6                eeprom_update_byte
                0x00002ae8                eeprom_update_r18
                0x00002b0a                . = ALIGN (0x2)
 *(.fini9)
 .fini9         0x00002b0a        0x0 c:/program files (x86)/atmel/studio/7.0/toolchain/avr8/avr8-gnu-toolchain/bin/../lib/gcc/avr/5.4.0/avr6\libgcc.a(_exit.o)
                0x00002b0a                _exit
                0x00002b0a                exit
 *(.fini9)
 *(.fini8)
 *(.fini8)
 *(.fini7)
 *(.fini7)
 *(.fini6)
 *(.fini6)
 *(.fini5)
 *(.fini5)
 *(.fini4)
 *(.fini4)
 *(.fini3)
 *(.fini3)
 *(.fini2)
 *(.fini2)
 *(.fini1)
 *(.fini1)
 *(.fini0)
 .fini0         0x00002b0a        0x4 c:/program files (x86)/atmel/studio/7.0/toolchain/avr8/avr8-gnu-toolchain/bin/../lib/gcc/avr/5.4.0/avr6\libgcc.a(_exit.o)
 *(.fini0)
                0x00002b0e                _etext = .

.data           0x00800200      0x266 load address 0x00002b0e
                0x00800200                PROVIDE (__data_start, .)
 *(.data)
 *(.data*)
 .data.baud_rate
                0x00800200        0x2 Adafruit_Fingerprint.o
                0x00800200                baud_rate
 .data.packet_len
                0x00800202        0x2 Adafruit_Fingerprint.o
                0x00800202                packet_len
 .data.device_addr
                0x00800204        0x4 Adafruit_Fingerprint.o
                0x00800204                device_addr
 .data.capacity
                0x00800208        0x2 Adafruit_Fingerprint.o
                0x00800208                capacity
 .data.finger_ID
                0x0080020a        0x2 main.o
                0x0080020a                finger_ID
 .data.usart0_str
                0x0080020c        0xe uart.o
                0x0080020c                usart0_str
 *(.gnu.linkonce.d*)
 *(.rodata)
 .rodata        0x0080021a        0x6 Adafruit_Fingerprint.o
 *(.rodata*)
 .rodata.str1.1
                0x00800220       0x9e Adafruit_Fingerprint.o
 .rodata.str1.1
                0x008002be       0x22 lcd.o
 .rodata.str1.1
                0x008002e0       0xd7 main.o
                                0x10a (size before relaxing)
 .rodata.str1.1
                0x008003b7       0xae uart.o
 *(.gnu.linkonce.r*)
                0x00800466                . = ALIGN (0x2)
 *fill*         0x00800465        0x1 
                0x00800466                _edata = .
                0x00800466                PROVIDE (__data_end, .)

.bss            0x00800466       0xac
                0x00800466                PROVIDE (__bss_start, .)
 *(.bss)
 *(.bss*)
 .bss.packet    0x00800466       0x49 Adafruit_Fingerprint.o
                0x00800466                packet
 .bss.thePassword
                0x008004af        0x4 Adafruit_Fingerprint.o
                0x008004af                thePassword
 .bss.security_level
                0x008004b3        0x2 Adafruit_Fingerprint.o
                0x008004b3                security_level
 .bss.system_id
                0x008004b5        0x2 Adafruit_Fingerprint.o
                0x008004b5                system_id
 .bss.status_reg
                0x008004b7        0x2 Adafruit_Fingerprint.o
                0x008004b7                status_reg
 .bss.read_buffer_pointer
                0x008004b9        0x1 fp_uart.o
                0x008004b9                read_buffer_pointer
 .bss.write_buffer_pointer
                0x008004ba        0x1 fp_uart.o
                0x008004ba                write_buffer_pointer
 .bss.clear     0x008004bb        0x1 main.o
                0x008004bb                clear
 .bss.Home_Millis
                0x008004bc        0x4 main.o
                0x008004bc                Home_Millis
 .bss.template_cnt
                0x008004c0        0x2 main.o
                0x008004c0                template_cnt
 *(COMMON)
 COMMON         0x008004c2        0x6 Adafruit_Fingerprint.o
                0x008004c2                fingerID
                0x008004c4                templateCount
                0x008004c6                confidence
 COMMON         0x008004c8       0x40 fp_uart.o
                0x008004c8                ser_buff_in
 COMMON         0x00800508        0x4 millis.o
                0x00800508                timer1_millis
 COMMON         0x0080050c        0x6 c:/program files (x86)/atmel/studio/7.0/toolchain/avr8/avr8-gnu-toolchain/bin/../lib/gcc/avr/5.4.0/../../../../avr/lib/avr6\libc.a(iob.o)
                0x0080050c                __iob
                0x00800512                PROVIDE (__bss_end, .)
                0x00002b0e                __data_load_start = LOADADDR (.data)
                0x00002d74                __data_load_end = (__data_load_start + SIZEOF (.data))

.noinit         0x00800512        0x0
                [!provide]                PROVIDE (__noinit_start, .)
 *(.noinit*)
                [!provide]                PROVIDE (__noinit_end, .)
                0x00800512                _end = .
                [!provide]                PROVIDE (__heap_start, .)

.eeprom         0x00810000        0x0
 *(.eeprom*)
                0x00810000                __eeprom_end = .

.fuse
 *(.fuse)
 *(.lfuse)
 *(.hfuse)
 *(.efuse)

.lock
 *(.lock*)

.signature
 *(.signature*)

.user_signatures
 *(.user_signatures*)

.stab
 *(.stab)

.stabstr
 *(.stabstr)

.stab.excl
 *(.stab.excl)

.stab.exclstr
 *(.stab.exclstr)

.stab.index
 *(.stab.index)

.stab.indexstr
 *(.stab.indexstr)

.comment        0x00000000       0x5c
 *(.comment)
 .comment       0x00000000       0x30 Adafruit_Fingerprint.o
                                 0x31 (size before relaxing)
 .comment       0x00000030       0x31 fp_uart.o
 .comment       0x00000030       0x31 lcd.o
 .comment       0x00000030       0x31 main.o
 .comment       0x00000030       0x31 millis.o
 .comment       0x00000030       0x31 uart.o
 .comment       0x00000030       0x31 c:/program files (x86)/atmel/studio/7.0/toolchain/avr8/avr8-gnu-toolchain/bin/../lib/gcc/avr/5.4.0/../../../../avr/lib/avr6\libc.a(iob.o)
 .comment       0x00000030       0x31 c:/program files (x86)/atmel/studio/7.0/toolchain/avr8/avr8-gnu-toolchain/bin/../lib/gcc/avr/5.4.0/../../../../avr/lib/avr6\libc.a(printf_p.o)
 .comment       0x00000030       0x31 c:/program files (x86)/atmel/studio/7.0/toolchain/avr8/avr8-gnu-toolchain/bin/../lib/gcc/avr/5.4.0/../../../../avr/lib/avr6\libc.a(scanf.o)
 .comment       0x00000030       0x31 c:/program files (x86)/atmel/studio/7.0/toolchain/avr8/avr8-gnu-toolchain/bin/../lib/gcc/avr/5.4.0/../../../../avr/lib/avr6\libc.a(snprintf.o)
 .comment       0x00000030       0x2c c:/program files (x86)/atmel/studio/7.0/toolchain/avr8/avr8-gnu-toolchain/bin/../lib/gcc/avr/5.4.0/../../../../avr/lib/avr6\libc.a(vfprintf_std.o)
                                 0x2d (size before relaxing)
 .comment       0x0000005c       0x2d c:/program files (x86)/atmel/studio/7.0/toolchain/avr8/avr8-gnu-toolchain/bin/../lib/gcc/avr/5.4.0/../../../../avr/lib/avr6\libc.a(vfscanf_std.o)
 .comment       0x0000005c       0x31 c:/program files (x86)/atmel/studio/7.0/toolchain/avr8/avr8-gnu-toolchain/bin/../lib/gcc/avr/5.4.0/../../../../avr/lib/avr6\libc.a(fgetc.o)
 .comment       0x0000005c       0x31 c:/program files (x86)/atmel/studio/7.0/toolchain/avr8/avr8-gnu-toolchain/bin/../lib/gcc/avr/5.4.0/../../../../avr/lib/avr6\libc.a(fputc.o)
 .comment       0x0000005c       0x31 c:/program files (x86)/atmel/studio/7.0/toolchain/avr8/avr8-gnu-toolchain/bin/../lib/gcc/avr/5.4.0/../../../../avr/lib/avr6\libc.a(ungetc.o)

.note.gnu.avr.deviceinfo
                0x00000000       0x40
 .note.gnu.avr.deviceinfo
                0x00000000       0x40 C:/Program Files (x86)/Atmel/Studio/7.0/Packs/atmel/ATmega_DFP/1.3.300/gcc/dev/atmega2560/avr6/crtatmega2560.o

.note.gnu.build-id
 *(.note.gnu.build-id)

.debug
 *(.debug)

.line
 *(.line)

.debug_srcinfo
 *(.debug_srcinfo)

.debug_sfnames
 *(.debug_sfnames)

.debug_aranges  0x00000000      0x288
 *(.debug_aranges)
 .debug_aranges
                0x00000000       0xf0 Adafruit_Fingerprint.o
 .debug_aranges
                0x000000f0       0x58 fp_uart.o
 .debug_aranges
                0x00000148       0x50 lcd.o
 .debug_aranges
                0x00000198       0x38 main.o
 .debug_aranges
                0x000001d0       0x30 millis.o
 .debug_aranges
                0x00000200       0x48 uart.o
 .debug_aranges
                0x00000248       0x20 C:/Program Files (x86)/Atmel/Studio/7.0/Packs/atmel/ATmega_DFP/1.3.300/gcc/dev/atmega2560/avr6\libatmega2560.a(eerd_byte.o)
 .debug_aranges
                0x00000268       0x20 C:/Program Files (x86)/Atmel/Studio/7.0/Packs/atmel/ATmega_DFP/1.3.300/gcc/dev/atmega2560/avr6\libatmega2560.a(eeupd_byte.o)

.debug_pubnames
 *(.debug_pubnames)

.debug_info     0x00000000     0x3fcd
 *(.debug_info .gnu.linkonce.wi.*)
 .debug_info    0x00000000      0xbbc C:/Program Files (x86)/Atmel/Studio/7.0/Packs/atmel/ATmega_DFP/1.3.300/gcc/dev/atmega2560/avr6/crtatmega2560.o
 .debug_info    0x00000bbc     0x1b6f Adafruit_Fingerprint.o
 .debug_info    0x0000272b      0x1d7 fp_uart.o
 .debug_info    0x00002902      0x756 lcd.o
 .debug_info    0x00003058      0x8fa main.o
 .debug_info    0x00003952      0x194 millis.o
 .debug_info    0x00003ae6      0x3b2 uart.o
 .debug_info    0x00003e98       0x9a C:/Program Files (x86)/Atmel/Studio/7.0/Packs/atmel/ATmega_DFP/1.3.300/gcc/dev/atmega2560/avr6\libatmega2560.a(eerd_byte.o)
 .debug_info    0x00003f32       0x9b C:/Program Files (x86)/Atmel/Studio/7.0/Packs/atmel/ATmega_DFP/1.3.300/gcc/dev/atmega2560/avr6\libatmega2560.a(eeupd_byte.o)

.debug_abbrev   0x00000000     0x1615
 *(.debug_abbrev)
 .debug_abbrev  0x00000000      0xb1a C:/Program Files (x86)/Atmel/Studio/7.0/Packs/atmel/ATmega_DFP/1.3.300/gcc/dev/atmega2560/avr6/crtatmega2560.o
 .debug_abbrev  0x00000b1a      0x2d9 Adafruit_Fingerprint.o
 .debug_abbrev  0x00000df3      0x145 fp_uart.o
 .debug_abbrev  0x00000f38      0x18e lcd.o
 .debug_abbrev  0x000010c6      0x1df main.o
 .debug_abbrev  0x000012a5      0x13b millis.o
 .debug_abbrev  0x000013e0      0x20d uart.o
 .debug_abbrev  0x000015ed       0x14 C:/Program Files (x86)/Atmel/Studio/7.0/Packs/atmel/ATmega_DFP/1.3.300/gcc/dev/atmega2560/avr6\libatmega2560.a(eerd_byte.o)
 .debug_abbrev  0x00001601       0x14 C:/Program Files (x86)/Atmel/Studio/7.0/Packs/atmel/ATmega_DFP/1.3.300/gcc/dev/atmega2560/avr6\libatmega2560.a(eeupd_byte.o)

.debug_line     0x00000000     0x1f2f
 *(.debug_line .debug_line.* .debug_line_end)
 .debug_line    0x00000000      0x1f9 C:/Program Files (x86)/Atmel/Studio/7.0/Packs/atmel/ATmega_DFP/1.3.300/gcc/dev/atmega2560/avr6/crtatmega2560.o
 .debug_line    0x000001f9      0xe8a Adafruit_Fingerprint.o
 .debug_line    0x00001083      0x1d6 fp_uart.o
 .debug_line    0x00001259      0x385 lcd.o
 .debug_line    0x000015de      0x4d8 main.o
 .debug_line    0x00001ab6      0x174 millis.o
 .debug_line    0x00001c2a      0x1d5 uart.o
 .debug_line    0x00001dff       0x7a C:/Program Files (x86)/Atmel/Studio/7.0/Packs/atmel/ATmega_DFP/1.3.300/gcc/dev/atmega2560/avr6\libatmega2560.a(eerd_byte.o)
 .debug_line    0x00001e79       0xb6 C:/Program Files (x86)/Atmel/Studio/7.0/Packs/atmel/ATmega_DFP/1.3.300/gcc/dev/atmega2560/avr6\libatmega2560.a(eeupd_byte.o)

.debug_frame    0x00000000      0x9e4
 *(.debug_frame)
 .debug_frame   0x00000000      0x6b8 Adafruit_Fingerprint.o
 .debug_frame   0x000006b8       0xbc fp_uart.o
 .debug_frame   0x00000774       0xb0 lcd.o
 .debug_frame   0x00000824       0xb0 main.o
 .debug_frame   0x000008d4       0x64 millis.o
 .debug_frame   0x00000938       0xac uart.o

.debug_str      0x00000000      0xb7f
 *(.debug_str)
 .debug_str     0x00000000      0x3e6 C:/Program Files (x86)/Atmel/Studio/7.0/Packs/atmel/ATmega_DFP/1.3.300/gcc/dev/atmega2560/avr6/crtatmega2560.o
 .debug_str     0x000003e6      0x45a Adafruit_Fingerprint.o
                                0x4e0 (size before relaxing)
 .debug_str     0x00000840       0xa9 fp_uart.o
                                0x228 (size before relaxing)
 .debug_str     0x000008e9       0xb5 lcd.o
                                0x270 (size before relaxing)
 .debug_str     0x0000099e       0xb6 main.o
                                0x329 (size before relaxing)
 .debug_str     0x00000a54       0x79 millis.o
                                0x1f4 (size before relaxing)
 .debug_str     0x00000acd       0xb2 uart.o
                                0x266 (size before relaxing)

.debug_loc      0x00000000     0x2eea
 *(.debug_loc)
 .debug_loc     0x00000000     0x2087 Adafruit_Fingerprint.o
 .debug_loc     0x00002087       0xba fp_uart.o
 .debug_loc     0x00002141      0x6bb lcd.o
 .debug_loc     0x000027fc      0x4a9 main.o
 .debug_loc     0x00002ca5       0xdb millis.o
 .debug_loc     0x00002d80      0x16a uart.o

.debug_macinfo
 *(.debug_macinfo)

.debug_weaknames
 *(.debug_weaknames)

.debug_funcnames
 *(.debug_funcnames)

.debug_typenames
 *(.debug_typenames)

.debug_varnames
 *(.debug_varnames)

.debug_pubtypes
 *(.debug_pubtypes)

.debug_ranges   0x00000000      0x1e8
 *(.debug_ranges)
 .debug_ranges  0x00000000       0xe0 Adafruit_Fingerprint.o
 .debug_ranges  0x000000e0       0x48 fp_uart.o
 .debug_ranges  0x00000128       0x40 lcd.o
 .debug_ranges  0x00000168       0x28 main.o
 .debug_ranges  0x00000190       0x20 millis.o
 .debug_ranges  0x000001b0       0x38 uart.o

.debug_macro
 *(.debug_macro)
OUTPUT(MEGA2560.elf elf32-avr)
LOAD linker stubs
